ERRORs in Git Bash
-------------------
1. $ git checkout master
error: pathspec 'master' did not match any file(s) known to git


